// Jest Snapshot v1, https://goo.gl/fbAQLP

exports[`FilterTableComponent should render FilterTableComponent 1`] = `
ShallowWrapper {
  Symbol(enzyme.__root__): [Circular],
  Symbol(enzyme.__unrendered__): <FilterTableComponent
    components={Object {}}
    formData={Object {}}
    labels={Object {}}
    tableData={
      Object {
        "renderPagination": null,
      }
    }
    translations={Object {}}
  />,
  Symbol(enzyme.__renderer__): Object {
    "batchedUpdates": [Function],
    "getNode": [Function],
    "render": [Function],
    "simulateError": [Function],
    "simulateEvent": [Function],
    "unmount": [Function],
  },
  Symbol(enzyme.__node__): Object {
    "instance": null,
    "key": undefined,
    "nodeType": "host",
    "props": Object {
      "children": Array [
        undefined,
        <UNDEFINED
          formName="filterTable-1-form"
          translations={Object {}}
        />,
        undefined,
        undefined,
        undefined,
        <h1>
          <UNDEFINED
            description="No results found..."
          />
        </h1>,
        undefined,
        undefined,
        undefined,
      ],
      "id": "filterTable-1",
    },
    "ref": null,
    "rendered": Array [
      undefined,
      Object {
        "instance": null,
        "key": undefined,
        "nodeType": "function",
        "props": Object {
          "formName": "filterTable-1-form",
          "translations": Object {},
        },
        "ref": null,
        "rendered": null,
        "type": undefined,
      },
      undefined,
      undefined,
      undefined,
      Object {
        "instance": null,
        "key": undefined,
        "nodeType": "host",
        "props": Object {
          "children": <UNDEFINED
            description="No results found..."
          />,
        },
        "ref": null,
        "rendered": Object {
          "instance": null,
          "key": undefined,
          "nodeType": "function",
          "props": Object {
            "description": "No results found...",
          },
          "ref": null,
          "rendered": null,
          "type": undefined,
        },
        "type": "h1",
      },
      undefined,
      undefined,
      undefined,
    ],
    "type": "div",
  },
  Symbol(enzyme.__nodes__): Array [
    Object {
      "instance": null,
      "key": undefined,
      "nodeType": "host",
      "props": Object {
        "children": Array [
          undefined,
          <UNDEFINED
            formName="filterTable-1-form"
            translations={Object {}}
          />,
          undefined,
          undefined,
          undefined,
          <h1>
            <UNDEFINED
              description="No results found..."
            />
          </h1>,
          undefined,
          undefined,
          undefined,
        ],
        "id": "filterTable-1",
      },
      "ref": null,
      "rendered": Array [
        undefined,
        Object {
          "instance": null,
          "key": undefined,
          "nodeType": "function",
          "props": Object {
            "formName": "filterTable-1-form",
            "translations": Object {},
          },
          "ref": null,
          "rendered": null,
          "type": undefined,
        },
        undefined,
        undefined,
        undefined,
        Object {
          "instance": null,
          "key": undefined,
          "nodeType": "host",
          "props": Object {
            "children": <UNDEFINED
              description="No results found..."
            />,
          },
          "ref": null,
          "rendered": Object {
            "instance": null,
            "key": undefined,
            "nodeType": "function",
            "props": Object {
              "description": "No results found...",
            },
            "ref": null,
            "rendered": null,
            "type": undefined,
          },
          "type": "h1",
        },
        undefined,
        undefined,
        undefined,
      ],
      "type": "div",
    },
  ],
  Symbol(enzyme.__options__): Object {
    "adapter": ReactSixteenAdapter {
      "options": Object {
        "enableComponentDidUpdateOnSetState": true,
        "lifecycles": Object {
          "componentDidUpdate": Object {
            "onSetState": true,
          },
          "getDerivedStateFromProps": true,
          "getSnapshotBeforeUpdate": true,
          "setState": Object {
            "skipsComponentDidUpdateOnNullish": true,
          },
        },
      },
    },
  },
}
`;
